// Jest Snapshot v1, https://goo.gl/fbAQLP

exports[`a pagina de configuração deve ser renderizada corretamente 1`] = `
<div>
  <header
    class="sc-eDvSVe bgFaSt"
  >
    <img
      alt="Logo"
      class="logoSmall"
      src="logo-pequeno.png"
    />
    <img
      alt="Logo"
      class="logo"
      src="logo.png"
    />
    <img
      alt="Pessoa"
      class="person"
      src="participante.png"
    />
  </header>
  <section
    class="sc-bcXHqe kaIdmH"
  >
    <h1>
      Vamos começar!
    </h1>
    <form
      class="sc-hLBbgP kURBDR"
    >
      <input
        placeholder="Insira os nomes do Participantes"
        type="text"
        value=""
      />
      <button
        class="sc-dkrFOg ceqLqg"
        disabled=""
      >
        Adicionar
      </button>
    </form>
    
    <ul
      class="sc-jSUZER bAkzxc"
    />
    <footer
      class="sc-gswNZR bnPSAZ"
    >
      <button
        class="sc-dkrFOg ceqLqg"
        disabled=""
      >
        Iniciar Brincadeira!
      </button>
      <img
        alt="Imagem de sacolas"
        src="sacolas.png"
      />
    </footer>
  </section>
</div>
`;
