// Jest Snapshot v1, https://goo.gl/fbAQLP

exports[`a pagina de configuração deve ser renderizada corretamente 1`] = `
<div>
  <section
    class="sc-bcXHqe bVtdQ"
  >
    <h1>
      Vamos começar!
    </h1>
    <form
      class="sc-hLBbgP kURBDR"
    >
      <input
        placeholder="Insira os nomes do Participantes"
        type="text"
        value=""
      />
      <button
        class="sc-dkrFOg hIjcYn"
        disabled=""
      >
        Adicionar
      </button>
    </form>
    
    <ul
      class="sc-eDvSVe egWmAa"
    />
    <footer
      class="sc-gswNZR eILkMd"
    >
      <button
        class="sc-dkrFOg hIjcYn"
        disabled=""
      >
        <img
          alt="Icone de Iniciar"
          src="play-icon.svg"
        />
        Iniciar Brincadeira!
      </button>
      <img
        alt="Imagem de sacolas"
        src="sacolas.png"
      />
    </footer>
  </section>
</div>
`;
